# STRICT POSTGRESQL DATABASE VERIFICATION REPORT
Timestamp: 2026-09-18T20:28:30+05:30

## Strict PostgreSQL Live Database Verification
- **Reachable:** NO (`ECONNREFUSED` on port 5432)
- **Live Database Connection & Schema Verification:** FAIL (PostgreSQL server offline)
- **Persistence Across Application Reinitialization:** FAIL (Did not execute against live PostgreSQL; memory fallback was strictly rejected)
- **Atomic Rollback & Multi-Step Consistency:** FAIL (Did not execute against live PostgreSQL; memory fallback was strictly rejected)
- **Real PostgreSQL Concurrency (10 Transactions):** FAIL (Did not execute against live PostgreSQL; memory fallback was strictly rejected)
- **Real PostgreSQL SQL Injection Safety:** FAIL (Did not execute against live PostgreSQL; memory fallback was strictly rejected)

> **Verdict:** PostgreSQL verification could not be completed because a live PostgreSQL server is currently not reachable at the configured connection string.

---

## Memory Fallback Verification (Development / Mock Mode)
- **Fallback Behavior & Contracts:** PASS (95/95 tests passed across 21 test suites)

---

## Complete Test Suite Summary
- **Total Tests:** 100
- **Passed:** 95
- **Failed:** 5 (The 5 strict PostgreSQL live database tests)
- **Skipped:** 0
- **Total Test Suites:** 22 (1 failed, 21 passed)
