[2026-09-18T20:06:21+05:30] Response Log - Person B Financial Memory Backend

Status: Person B Backend Successfully Implemented & Verified
All 10/10 automated tests passed across 2 test suites.

Components Delivered:
1. Hour 0-2 Mock Contract:
   - src/fixtures/meeraFixture.json
   - GET /api/financial-state/mock
2. Database Layer (PostgreSQL):
   - src/db/schema.sql
   - src/db/db.js
3. Core Services:
   - src/services/potCalculator.js (Dynamic total calculation + Category-to-Pot mapping)
   - src/services/deduplicationService.js (5-min sliding window idempotency check)
   - src/services/auditLogger.js (Immutable audit log)
   - src/services/financialStateStore.js (State store across PostgreSQL & memory)
4. REST API Routes:
   - GET /api/financial-state
   - POST /api/transactions
   - POST & GET /api/ledger
   - GET & POST /api/goals
   - GET /api/audit-log
5. Test Suite:
   - tests/financialState.test.js
   - tests/deduplication.test.js
   - Result: PASS (10 passed, 10 total)
