# SUPABASE POSTGRESQL CONFIGURATION GUIDE FOR PERSON B
Timestamp: 2026-09-18T22:12:30+05:30

## 1. Expected DATABASE_URL Format
- Standard PostgreSQL connection URI:
  `postgresql://[user]:[password]@[host]:[port]/[database]`
  (e.g., `postgresql://postgres.[project-ref]:[password]@aws-0-[region].pooler.supabase.com:6543/postgres?sslmode=require`)

## 2. Direct Connection vs Pooler
- **Supported:** Both direct connection and Supabase Pooler are fully supported by `pg.Pool`.
- **Recommendation:** Use the Supabase Connection Pooler (port `6543` or `5432`) if your local network uses IPv4 without direct IPv6 routing.

## 3. Schema & Tables Required
The 6 core tables defined in `src/db/schema.sql`:
1. `users`
2. `pots`
3. `transactions`
4. `ledger_entries`
5. `goals`
6. `audit_logs`
*Note:* `initSchema()` in `src/db/db.js` automatically executes `src/db/schema.sql` on startup, but you can also run `src/db/schema.sql` in Supabase SQL Editor.

## 4. Environment Variables Required
1. `DATABASE_URL`: The Supabase connection string.
2. `DATABASE_SSL=true`: Required for Supabase encrypted SSL connections (or append `?sslmode=require` in URI).
3. `PORT`: Optional (defaults to `5000`).
4. `NODE_ENV`: Optional (defaults to `development`).

## 5. Hardcoded localhost/5432 Check
- There is NO hardcoded localhost in queries or models.
- `localhost:5432` only exists as a fallback default when `process.env.DATABASE_URL` is undefined.
